mode: set
ad-engine/internal/usecase/adservice.go:45.73,50.2 1 1
ad-engine/internal/usecase/adservice.go:53.88,55.2 1 1
ad-engine/internal/usecase/adservice.go:59.83,61.2 1 1
ad-engine/internal/usecase/adservice.go:65.72,67.2 1 1
ad-engine/internal/usecase/frequency.go:30.70,32.2 1 0
ad-engine/internal/usecase/frequency.go:38.17,40.16 2 0
ad-engine/internal/usecase/frequency.go:40.16,42.3 1 0
ad-engine/internal/usecase/frequency.go:45.2,45.16 1 0
ad-engine/internal/usecase/frequency.go:45.16,47.3 1 0
ad-engine/internal/usecase/frequency.go:49.2,52.16 3 0
ad-engine/internal/usecase/frequency.go:52.16,54.3 1 0
ad-engine/internal/usecase/frequency.go:56.2,56.29 1 0
ad-engine/internal/usecase/frequency.go:63.9,66.2 2 0
ad-engine/internal/usecase/stats_service.go:28.55,30.2 1 1
ad-engine/internal/usecase/stats_service.go:32.121,34.2 1 1
ad-engine/cmd/adserver/main.go:21.13,27.40 4 0
ad-engine/cmd/adserver/main.go:27.40,32.3 3 0
ad-engine/cmd/adserver/main.go:35.35,37.16 2 0
ad-engine/cmd/adserver/main.go:37.17,39.3 0 0
ad-engine/cmd/adserver/main.go:41.2,41.36 1 0
ad-engine/cmd/adserver/main.go:41.36,43.3 1 0
ad-engine/cmd/adserver/main.go:45.2,45.48 1 0
ad-engine/cmd/adserver/main.go:45.48,47.3 1 0
ad-engine/cmd/adserver/main.go:48.2,51.16 3 0
ad-engine/cmd/adserver/main.go:51.16,54.3 2 0
ad-engine/cmd/adserver/main.go:55.2,58.64 3 0
ad-engine/cmd/adserver/main.go:58.64,61.3 2 0
ad-engine/cmd/adserver/main.go:62.2,82.12 13 0
ad-engine/cmd/adserver/main.go:82.12,83.55 1 0
ad-engine/cmd/adserver/main.go:83.55,85.4 1 0
ad-engine/cmd/adserver/main.go:88.2,91.9 3 0
ad-engine/cmd/adserver/main.go:92.22,93.73 1 0
ad-engine/cmd/adserver/main.go:94.22,96.44 2 0
ad-engine/cmd/adserver/main.go:99.2,107.12 5 0
ad-engine/cmd/adserver/main.go:107.12,108.45 1 0
ad-engine/cmd/adserver/main.go:108.45,110.4 1 0
ad-engine/cmd/adserver/main.go:110.9,112.4 1 0
ad-engine/cmd/adserver/main.go:113.3,113.14 1 0
ad-engine/cmd/adserver/main.go:116.2,116.9 1 0
ad-engine/cmd/adserver/main.go:117.14,117.14 0 0
ad-engine/cmd/adserver/main.go:118.28,119.54 1 0
ad-engine/cmd/adserver/main.go:122.2,122.12 1 0
ad-engine/internal/logger/formatter.go:18.40,22.2 1 0
ad-engine/internal/logger/formatter.go:25.70,34.21 5 0
ad-engine/internal/logger/formatter.go:34.21,35.58 1 0
ad-engine/internal/logger/formatter.go:35.58,37.4 1 0
ad-engine/internal/logger/formatter.go:41.2,41.37 1 0
ad-engine/internal/logger/formatter.go:41.37,43.33 1 0
ad-engine/internal/logger/formatter.go:43.33,45.4 1 0
ad-engine/internal/logger/formatter.go:49.2,49.50 1 0
ad-engine/internal/logger/formatter.go:49.50,50.39 1 0
ad-engine/internal/logger/formatter.go:50.39,52.4 1 0
ad-engine/internal/logger/formatter.go:55.2,55.27 1 0
ad-engine/internal/logger/formatter.go:59.77,65.24 4 0
ad-engine/internal/logger/formatter.go:65.24,66.48 1 0
ad-engine/internal/logger/formatter.go:66.48,69.48 2 0
ad-engine/internal/logger/formatter.go:69.48,71.5 1 0
ad-engine/internal/logger/formatter.go:73.4,73.25 1 0
ad-engine/internal/logger/formatter.go:73.25,82.50 4 0
ad-engine/internal/logger/formatter.go:82.50,84.6 1 0
ad-engine/internal/logger/formatter.go:84.11,87.6 1 0
ad-engine/internal/logger/formatter.go:89.5,90.13 2 0
ad-engine/internal/logger/formatter.go:94.3,95.6 2 0
ad-engine/internal/logger/formatter.go:98.2,98.29 1 0
ad-engine/internal/logger/formatter.go:102.51,103.15 1 0
ad-engine/internal/logger/formatter.go:104.25,105.19 1 0
ad-engine/internal/logger/formatter.go:106.23,107.17 1 0
ad-engine/internal/logger/formatter.go:108.29,109.23 1 0
ad-engine/internal/logger/formatter.go:110.25,111.19 1 0
ad-engine/internal/logger/formatter.go:112.23,113.17 1 0
ad-engine/internal/logger/formatter.go:114.23,115.17 1 0
ad-engine/internal/logger/formatter.go:116.10,117.23 1 0
ad-engine/internal/logger/formatter.go:127.50,131.2 1 0
ad-engine/internal/logger/formatter.go:134.83,137.31 2 0
ad-engine/internal/logger/formatter.go:137.31,139.17 2 0
ad-engine/internal/logger/formatter.go:139.17,141.4 1 0
ad-engine/internal/logger/formatter.go:143.3,144.32 2 0
ad-engine/internal/logger/formatter.go:147.2,147.20 1 0
ad-engine/internal/logger/formatter.go:156.69,160.2 2 0
ad-engine/internal/logger/logger.go:19.42,26.42 3 0
ad-engine/internal/logger/logger.go:26.42,27.72 1 0
ad-engine/internal/logger/logger.go:27.72,29.4 1 0
ad-engine/internal/logger/logger.go:31.3,32.19 2 0
ad-engine/internal/logger/logger.go:32.19,34.4 1 0
ad-engine/internal/logger/logger.go:36.3,37.17 2 0
ad-engine/internal/logger/logger.go:37.17,39.4 1 0
ad-engine/internal/logger/logger.go:41.3,43.20 2 0
ad-engine/internal/logger/logger.go:43.20,49.30 1 0
ad-engine/internal/logger/logger.go:49.30,51.6 1 0
ad-engine/internal/logger/logger.go:54.4,54.50 1 0
ad-engine/internal/logger/logger.go:57.3,57.44 1 0
ad-engine/internal/logger/logger.go:61.2,61.23 1 0
ad-engine/internal/logger/logger.go:61.23,65.20 3 0
ad-engine/internal/logger/logger.go:65.20,71.30 1 0
ad-engine/internal/logger/logger.go:71.30,73.6 1 0
ad-engine/internal/logger/logger.go:76.4,76.53 1 0
ad-engine/internal/logger/logger.go:79.3,79.44 1 0
ad-engine/internal/logger/logger.go:83.2,83.20 1 0
ad-engine/internal/logger/logger.go:83.20,85.3 1 0
ad-engine/internal/logger/logger.go:88.2,104.12 3 0
ad-engine/internal/logger/logger.go:107.117,118.2 2 0
ad-engine/internal/logger/logger.go:120.51,121.28 1 0
ad-engine/internal/logger/logger.go:122.26,123.27 1 0
ad-engine/internal/logger/logger.go:124.15,125.25 1 0
ad-engine/internal/logger/logger.go:126.29,127.31 1 0
ad-engine/internal/logger/logger.go:128.25,129.27 1 0
ad-engine/internal/logger/logger.go:130.15,131.25 1 0
ad-engine/internal/logger/logger.go:132.15,133.25 1 0
ad-engine/internal/logger/logger.go:134.10,135.31 1 0
ad-engine/internal/logger/logger.go:139.17,140.16 1 0
ad-engine/internal/logger/logger.go:140.16,142.3 1 0
ad-engine/internal/logger/logger.go:144.2,144.61 1 0
ad-engine/internal/logger/logger.go:144.61,146.3 1 0
ad-engine/internal/logger/logger.go:149.42,150.16 1 0
ad-engine/internal/logger/logger.go:150.16,152.3 1 0
ad-engine/internal/logger/logger.go:155.41,156.16 1 0
ad-engine/internal/logger/logger.go:156.16,158.3 1 0
ad-engine/internal/logger/logger.go:161.44,162.16 1 0
ad-engine/internal/logger/logger.go:162.16,164.3 1 0
ad-engine/internal/logger/logger.go:167.42,168.16 1 0
ad-engine/internal/logger/logger.go:168.16,170.3 1 0
ad-engine/internal/logger/logger.go:173.41,174.16 1 0
ad-engine/internal/logger/logger.go:174.16,176.3 1 0
ad-engine/internal/logger/logger.go:177.2,177.12 1 0
ad-engine/internal/http/handlers_ad.go:13.60,15.61 2 0
ad-engine/internal/http/handlers_ad.go:15.61,19.3 3 0
ad-engine/internal/http/handlers_ad.go:21.2,22.16 2 0
ad-engine/internal/http/handlers_ad.go:22.16,26.3 3 0
ad-engine/internal/http/handlers_ad.go:27.2,27.17 1 0
ad-engine/internal/http/handlers_ad.go:27.17,34.3 3 0
ad-engine/internal/http/handlers_ad.go:36.2,37.16 2 0
ad-engine/internal/http/handlers_ad.go:37.16,41.3 3 0
ad-engine/internal/http/handlers_ad.go:43.2,45.24 3 0
ad-engine/internal/http/handlers_ad.go:48.58,51.17 3 0
ad-engine/internal/http/handlers_ad.go:51.17,54.3 2 0
ad-engine/internal/http/handlers_ad.go:56.2,57.16 2 0
ad-engine/internal/http/handlers_ad.go:57.16,61.3 3 0
ad-engine/internal/http/handlers_ad.go:62.2,62.19 1 0
ad-engine/internal/http/handlers_ad.go:62.19,66.3 3 0
ad-engine/internal/http/handlers_ad.go:68.2,69.41 2 0
ad-engine/internal/http/handlers_ad.go:73.57,76.17 3 0
ad-engine/internal/http/handlers_ad.go:76.17,79.3 2 0
ad-engine/internal/http/handlers_ad.go:81.2,81.71 1 0
ad-engine/internal/http/handlers_ad.go:81.71,85.3 3 0
ad-engine/internal/http/handlers_ad.go:87.2,87.45 1 0
ad-engine/internal/http/handlers_stats.go:14.64,21.34 5 0
ad-engine/internal/http/handlers_stats.go:21.34,24.3 2 0
ad-engine/internal/http/handlers_stats.go:26.2,27.16 2 0
ad-engine/internal/http/handlers_stats.go:27.16,31.3 3 0
ad-engine/internal/http/handlers_stats.go:32.2,33.16 2 0
ad-engine/internal/http/handlers_stats.go:33.16,37.3 3 0
ad-engine/internal/http/handlers_stats.go:39.2,40.25 2 0
ad-engine/internal/http/handlers_stats.go:40.25,42.17 2 0
ad-engine/internal/http/handlers_stats.go:42.17,46.4 3 0
ad-engine/internal/http/handlers_stats.go:47.3,47.19 1 0
ad-engine/internal/http/handlers_stats.go:50.2,51.16 2 0
ad-engine/internal/http/handlers_stats.go:51.16,55.3 3 0
ad-engine/internal/http/handlers_stats.go:57.2,58.16 2 0
ad-engine/internal/http/handlers_stats.go:58.16,62.3 3 0
ad-engine/internal/http/handlers_stats.go:64.2,66.24 3 0
ad-engine/internal/http/middleware.go:12.76,14.2 1 0
ad-engine/internal/http/middleware.go:16.78,17.40 1 0
ad-engine/internal/http/middleware.go:17.40,34.3 6 0
ad-engine/internal/http/middleware.go:37.80,38.40 1 0
ad-engine/internal/http/middleware.go:38.40,40.16 2 0
ad-engine/internal/http/middleware.go:40.16,42.4 1 0
ad-engine/internal/http/middleware.go:43.3,45.12 3 0
ad-engine/internal/http/middleware.go:49.78,50.40 1 0
ad-engine/internal/http/middleware.go:50.40,51.16 1 0
ad-engine/internal/http/middleware.go:51.16,52.32 1 0
ad-engine/internal/http/middleware.go:52.32,55.5 2 0
ad-engine/internal/http/middleware.go:57.3,57.12 1 0
ad-engine/internal/http/server.go:17.76,19.2 1 0
ad-engine/internal/http/server.go:21.52,30.2 6 0
ad-engine/internal/http/server.go:33.83,51.27 2 0
ad-engine/internal/http/server.go:51.27,53.3 1 0
ad-engine/internal/http/server.go:55.2,55.10 1 0
ad-engine/internal/migrate/migrate.go:18.57,20.13 2 0
ad-engine/internal/migrate/migrate.go:20.13,22.3 1 0
ad-engine/internal/migrate/migrate.go:23.2,24.43 2 0
ad-engine/internal/migrate/migrate.go:24.43,26.3 1 0
ad-engine/internal/migrate/migrate.go:28.2,28.58 1 0
ad-engine/internal/migrate/migrate.go:28.58,30.3 1 0
ad-engine/internal/migrate/migrate.go:32.2,33.16 2 0
ad-engine/internal/migrate/migrate.go:33.16,35.3 1 0
ad-engine/internal/migrate/migrate.go:37.2,38.28 2 0
ad-engine/internal/migrate/migrate.go:38.28,39.16 1 0
ad-engine/internal/migrate/migrate.go:39.16,40.12 1 0
ad-engine/internal/migrate/migrate.go:42.3,43.39 2 0
ad-engine/internal/migrate/migrate.go:43.39,44.12 1 0
ad-engine/internal/migrate/migrate.go:46.3,46.60 1 0
ad-engine/internal/migrate/migrate.go:48.2,50.29 2 0
ad-engine/internal/migrate/migrate.go:50.29,54.17 3 0
ad-engine/internal/migrate/migrate.go:54.17,56.4 1 0
ad-engine/internal/migrate/migrate.go:57.3,57.14 1 0
ad-engine/internal/migrate/migrate.go:57.14,58.12 1 0
ad-engine/internal/migrate/migrate.go:61.3,62.17 2 0
ad-engine/internal/migrate/migrate.go:62.17,64.4 1 0
ad-engine/internal/migrate/migrate.go:65.3,67.66 2 0
ad-engine/internal/migrate/migrate.go:67.66,69.4 1 0
ad-engine/internal/migrate/migrate.go:72.2,72.12 1 0
ad-engine/internal/migrate/migrate.go:75.76,83.2 3 0
ad-engine/internal/migrate/migrate.go:85.84,89.39 4 0
ad-engine/internal/migrate/migrate.go:89.39,90.47 1 0
ad-engine/internal/migrate/migrate.go:90.47,92.4 1 0
ad-engine/internal/migrate/migrate.go:93.3,93.20 1 0
ad-engine/internal/migrate/migrate.go:95.2,95.18 1 0
ad-engine/internal/migrate/migrate.go:98.90,100.16 2 0
ad-engine/internal/migrate/migrate.go:100.16,102.3 1 0
ad-engine/internal/migrate/migrate.go:103.2,105.49 2 0
ad-engine/internal/migrate/migrate.go:105.49,107.3 1 0
ad-engine/internal/migrate/migrate.go:109.2,110.73 2 0
ad-engine/internal/migrate/migrate.go:110.73,112.3 1 0
ad-engine/internal/migrate/migrate.go:114.2,114.39 1 0
ad-engine/internal/migrate/migrate.go:114.39,116.3 1 0
ad-engine/internal/migrate/migrate.go:117.2,117.12 1 0
ad-engine/internal/config/config.go:16.40,19.16 2 0
ad-engine/internal/config/config.go:19.16,20.49 1 0
ad-engine/internal/config/config.go:20.49,22.4 1 0
ad-engine/internal/config/config.go:22.9,24.4 1 0
ad-engine/internal/config/config.go:28.2,28.27 1 0
ad-engine/internal/config/config.go:28.27,30.17 2 0
ad-engine/internal/config/config.go:30.17,32.4 1 0
ad-engine/internal/config/config.go:35.2,36.16 2 0
ad-engine/internal/config/config.go:36.16,38.3 1 0
ad-engine/internal/config/config.go:40.2,40.51 1 0
ad-engine/internal/config/config.go:40.51,42.3 1 0
ad-engine/internal/config/config.go:44.2,44.17 1 0
ad-engine/internal/config/config.go:48.39,53.2 1 0
ad-engine/internal/repo/postgres/ad_repo.go:25.86,30.2 1 0
ad-engine/internal/repo/postgres/ad_repo.go:44.107,46.16 2 0
ad-engine/internal/repo/postgres/ad_repo.go:46.16,48.3 1 0
ad-engine/internal/repo/postgres/ad_repo.go:49.2,50.16 2 0
ad-engine/internal/repo/postgres/ad_repo.go:50.16,52.3 1 0
ad-engine/internal/repo/postgres/ad_repo.go:55.2,55.25 1 0
ad-engine/internal/repo/postgres/ad_repo.go:55.25,56.69 1 0
ad-engine/internal/repo/postgres/ad_repo.go:56.69,58.4 1 0
ad-engine/internal/repo/postgres/ad_repo.go:58.9,58.25 1 0
ad-engine/internal/repo/postgres/ad_repo.go:58.25,60.4 1 0
ad-engine/internal/repo/postgres/ad_repo.go:64.2,65.16 2 0
ad-engine/internal/repo/postgres/ad_repo.go:65.16,67.3 1 0
ad-engine/internal/repo/postgres/ad_repo.go:68.2,68.15 1 0
ad-engine/internal/repo/postgres/ad_repo.go:68.15,69.16 1 0
ad-engine/internal/repo/postgres/ad_repo.go:69.16,71.4 1 0
ad-engine/internal/repo/postgres/ad_repo.go:75.2,76.16 2 0
ad-engine/internal/repo/postgres/ad_repo.go:76.16,78.3 1 0
ad-engine/internal/repo/postgres/ad_repo.go:79.2,79.26 1 0
ad-engine/internal/repo/postgres/ad_repo.go:79.26,81.3 1 0
ad-engine/internal/repo/postgres/ad_repo.go:84.2,85.17 2 0
ad-engine/internal/repo/postgres/ad_repo.go:85.17,87.3 1 0
ad-engine/internal/repo/postgres/ad_repo.go:90.2,91.16 2 0
ad-engine/internal/repo/postgres/ad_repo.go:91.16,93.3 1 0
ad-engine/internal/repo/postgres/ad_repo.go:94.2,94.17 1 0
ad-engine/internal/repo/postgres/ad_repo.go:94.17,96.3 1 0
ad-engine/internal/repo/postgres/ad_repo.go:99.2,100.16 2 0
ad-engine/internal/repo/postgres/ad_repo.go:100.16,102.3 1 0
ad-engine/internal/repo/postgres/ad_repo.go:103.2,103.14 1 0
ad-engine/internal/repo/postgres/ad_repo.go:103.14,106.3 1 0
ad-engine/internal/repo/postgres/ad_repo.go:109.2,110.27 2 0
ad-engine/internal/repo/postgres/ad_repo.go:111.23,113.22 2 0
ad-engine/internal/repo/postgres/ad_repo.go:113.22,115.4 1 0
ad-engine/internal/repo/postgres/ad_repo.go:116.23,117.17 1 0
ad-engine/internal/repo/postgres/ad_repo.go:118.10,120.18 1 0
ad-engine/internal/repo/postgres/ad_repo.go:123.2,123.20 1 0
ad-engine/internal/repo/postgres/ad_repo.go:123.20,125.17 2 0
ad-engine/internal/repo/postgres/ad_repo.go:125.17,127.4 1 0
ad-engine/internal/repo/postgres/ad_repo.go:128.3,128.10 1 0
ad-engine/internal/repo/postgres/ad_repo.go:128.10,131.4 1 0
ad-engine/internal/repo/postgres/ad_repo.go:135.2,136.99 2 0
ad-engine/internal/repo/postgres/ad_repo.go:136.99,138.3 1 0
ad-engine/internal/repo/postgres/ad_repo.go:141.2,141.39 1 0
ad-engine/internal/repo/postgres/ad_repo.go:141.39,143.3 1 0
ad-engine/internal/repo/postgres/ad_repo.go:144.2,147.62 2 0
ad-engine/internal/repo/postgres/ad_repo.go:147.62,151.3 1 0
ad-engine/internal/repo/postgres/ad_repo.go:153.2,161.18 2 0
ad-engine/internal/repo/postgres/ad_repo.go:166.86,168.16 2 0
ad-engine/internal/repo/postgres/ad_repo.go:168.16,170.3 1 0
ad-engine/internal/repo/postgres/ad_repo.go:171.2,171.15 1 0
ad-engine/internal/repo/postgres/ad_repo.go:171.15,172.16 1 0
ad-engine/internal/repo/postgres/ad_repo.go:172.16,174.4 1 0
ad-engine/internal/repo/postgres/ad_repo.go:177.2,207.16 3 0
ad-engine/internal/repo/postgres/ad_repo.go:207.16,208.27 1 0
ad-engine/internal/repo/postgres/ad_repo.go:208.27,210.4 1 0
ad-engine/internal/repo/postgres/ad_repo.go:211.3,211.64 1 0
ad-engine/internal/repo/postgres/ad_repo.go:214.2,220.16 3 0
ad-engine/internal/repo/postgres/ad_repo.go:220.16,222.3 1 0
ad-engine/internal/repo/postgres/ad_repo.go:225.2,225.29 1 0
ad-engine/internal/repo/postgres/ad_repo.go:225.29,226.40 1 0
ad-engine/internal/repo/postgres/ad_repo.go:226.40,228.4 1 0
ad-engine/internal/repo/postgres/ad_repo.go:229.3,230.25 2 0
ad-engine/internal/repo/postgres/ad_repo.go:234.2,234.32 1 0
ad-engine/internal/repo/postgres/ad_repo.go:234.32,236.17 2 0
ad-engine/internal/repo/postgres/ad_repo.go:236.17,238.4 1 0
ad-engine/internal/repo/postgres/ad_repo.go:239.3,239.18 1 0
ad-engine/internal/repo/postgres/ad_repo.go:239.18,241.18 2 0
ad-engine/internal/repo/postgres/ad_repo.go:241.18,243.5 1 0
ad-engine/internal/repo/postgres/ad_repo.go:247.2,247.39 1 0
ad-engine/internal/repo/postgres/ad_repo.go:247.39,249.3 1 0
ad-engine/internal/repo/postgres/ad_repo.go:250.2,252.24 2 0
ad-engine/internal/repo/postgres/ad_repo.go:256.75,264.16 2 0
ad-engine/internal/repo/postgres/ad_repo.go:264.16,266.3 1 0
ad-engine/internal/repo/postgres/ad_repo.go:267.2,267.12 1 0
ad-engine/internal/repo/postgres/ad_repo.go:324.120,331.16 2 0
ad-engine/internal/repo/postgres/ad_repo.go:331.16,333.3 1 0
ad-engine/internal/repo/postgres/ad_repo.go:334.2,337.18 3 0
ad-engine/internal/repo/postgres/ad_repo.go:337.18,350.17 2 0
ad-engine/internal/repo/postgres/ad_repo.go:350.17,352.4 1 0
ad-engine/internal/repo/postgres/ad_repo.go:353.3,353.23 1 0
ad-engine/internal/repo/postgres/ad_repo.go:355.2,355.35 1 0
ad-engine/internal/repo/postgres/ad_repo.go:355.35,357.3 1 0
ad-engine/internal/repo/postgres/ad_repo.go:358.2,358.17 1 0
ad-engine/internal/repo/postgres/ad_repo.go:362.88,366.28 3 0
ad-engine/internal/repo/postgres/ad_repo.go:366.28,370.25 3 0
ad-engine/internal/repo/postgres/ad_repo.go:370.25,372.4 1 0
ad-engine/internal/repo/postgres/ad_repo.go:373.3,373.35 1 0
ad-engine/internal/repo/postgres/ad_repo.go:373.35,375.4 1 0
ad-engine/internal/repo/postgres/ad_repo.go:376.3,376.33 1 0
ad-engine/internal/repo/postgres/ad_repo.go:376.33,378.4 1 0
ad-engine/internal/repo/postgres/ad_repo.go:380.3,380.39 1 0
ad-engine/internal/repo/postgres/ad_repo.go:380.39,383.4 2 0
ad-engine/internal/repo/postgres/ad_repo.go:386.2,386.13 1 0
ad-engine/internal/repo/postgres/ad_repo.go:401.120,429.16 3 0
ad-engine/internal/repo/postgres/ad_repo.go:429.16,430.27 1 0
ad-engine/internal/repo/postgres/ad_repo.go:430.27,432.4 1 0
ad-engine/internal/repo/postgres/ad_repo.go:433.3,433.62 1 0
ad-engine/internal/repo/postgres/ad_repo.go:435.2,435.16 1 0
ad-engine/internal/repo/postgres/ad_repo.go:446.17,450.42 3 0
ad-engine/internal/repo/postgres/ad_repo.go:450.42,452.3 1 0
ad-engine/internal/repo/postgres/ad_repo.go:453.2,455.59 2 0
ad-engine/internal/repo/postgres/ad_repo.go:455.59,457.3 1 0
ad-engine/internal/repo/postgres/ad_repo.go:458.2,458.57 1 0
ad-engine/internal/repo/postgres/ad_repo.go:458.57,460.3 1 0
ad-engine/internal/repo/postgres/ad_repo.go:462.2,469.16 2 0
ad-engine/internal/repo/postgres/ad_repo.go:469.16,471.3 1 0
ad-engine/internal/repo/postgres/ad_repo.go:473.2,477.16 2 0
ad-engine/internal/repo/postgres/ad_repo.go:477.16,479.3 1 0
ad-engine/internal/repo/postgres/ad_repo.go:481.2,481.18 1 0
ad-engine/internal/repo/postgres/ad_repo.go:484.36,488.2 3 0
ad-engine/internal/repo/postgres/ad_repo.go:496.9,511.16 3 0
ad-engine/internal/repo/postgres/ad_repo.go:511.16,513.3 1 0
ad-engine/internal/repo/postgres/ad_repo.go:514.2,514.12 1 0
ad-engine/internal/repo/postgres/ad_repo.go:518.108,519.21 1 0
ad-engine/internal/repo/postgres/ad_repo.go:519.21,521.3 1 0
ad-engine/internal/repo/postgres/ad_repo.go:523.2,541.76 3 0
ad-engine/internal/repo/postgres/ad_repo.go:541.76,542.27 1 0
ad-engine/internal/repo/postgres/ad_repo.go:542.27,544.4 1 0
ad-engine/internal/repo/postgres/ad_repo.go:545.3,545.53 1 0
ad-engine/internal/repo/postgres/ad_repo.go:548.2,555.8 1 0
ad-engine/internal/repo/postgres/ad_repo.go:558.33,559.13 1 0
ad-engine/internal/repo/postgres/ad_repo.go:559.13,561.3 1 0
ad-engine/internal/repo/postgres/ad_repo.go:562.2,562.10 1 0
ad-engine/internal/repo/postgres/db.go:14.63,16.16 2 0
ad-engine/internal/repo/postgres/db.go:16.16,18.3 1 0
ad-engine/internal/repo/postgres/db.go:21.2,30.16 8 0
ad-engine/internal/repo/postgres/db.go:30.16,32.3 1 0
ad-engine/internal/repo/postgres/db.go:34.2,34.39 1 0
ad-engine/internal/repo/postgres/db.go:34.39,37.3 2 0
ad-engine/internal/repo/postgres/db.go:39.2,45.18 2 0
ad-engine/internal/repo/postgres/freq_repo.go:20.58,22.2 1 0
ad-engine/internal/repo/postgres/freq_repo.go:28.16,37.16 4 0
ad-engine/internal/repo/postgres/freq_repo.go:37.16,38.27 1 0
ad-engine/internal/repo/postgres/freq_repo.go:38.27,40.4 1 0
ad-engine/internal/repo/postgres/freq_repo.go:41.3,41.16 1 0
ad-engine/internal/repo/postgres/freq_repo.go:43.2,43.19 1 0
ad-engine/internal/repo/postgres/freq_repo.go:51.16,61.26 4 0
ad-engine/internal/repo/postgres/freq_repo.go:61.26,63.3 1 0
ad-engine/internal/repo/postgres/freq_repo.go:64.2,64.15 1 0
ad-engine/internal/repo/postgres/freq_repo.go:72.9,81.2 3 0
ad-engine/internal/repo/postgres/stats_repo.go:18.62,20.2 1 0
ad-engine/internal/repo/postgres/stats_repo.go:22.132,30.23 2 0
ad-engine/internal/repo/postgres/stats_repo.go:30.23,42.75 2 0
ad-engine/internal/repo/postgres/stats_repo.go:42.75,44.4 1 0
ad-engine/internal/repo/postgres/stats_repo.go:47.3,52.60 1 0
ad-engine/internal/repo/postgres/stats_repo.go:52.60,54.4 1 0
ad-engine/internal/repo/postgres/stats_repo.go:55.8,65.62 2 0
ad-engine/internal/repo/postgres/stats_repo.go:65.62,67.4 1 0
ad-engine/internal/repo/postgres/stats_repo.go:69.3,73.47 1 0
ad-engine/internal/repo/postgres/stats_repo.go:73.47,75.4 1 0
ad-engine/internal/repo/postgres/stats_repo.go:78.2,79.21 2 0
ad-engine/internal/repo/postgres/stats_repo.go:79.21,81.3 1 0
ad-engine/internal/repo/postgres/stats_repo.go:83.2,89.8 1 0
